Microchip MPLAB XC8 Compiler V2.32

Linker command line:

-W-3 --edf=/opt/microchip/xc8/v2.32/pic/dat/en_msgs.txt -cn \
  -h+dist/default/production/aula09_teclado4x4.sym \
  --cmf=dist/default/production/aula09_teclado4x4.cmf -z -Q16F887 \
  -o/tmp/xcXmLnkPD --defsym=__MPLAB_BUILD=1 \
  -Mdist/default/production/aula09_teclado4x4.map -E1 -ver=XC8 Compiler \
  --acfsm=1493 -ASTACK=0110h-016Fh -pstack=STACK -ACODE=00h-07FFhx4 \
  -ASTRCODE=00h-01FFFh -ASTRING=00h-0FFhx32 -ACONST=00h-0FFhx32 \
  -AENTRY=00h-0FFhx32 -ACOMMON=070h-07Fh -ABANK0=020h-06Fh \
  -ABANK1=0A0h-0EFh -ABANK2=0110h-016Fh -ABANK3=0190h-01EFh \
  -ARAM=020h-06Fh,0A0h-0EFh,0110h-016Fh,0190h-01EFh \
  -AABS1=020h-07Fh,0A0h-0EFh,0110h-016Fh,0190h-01EFh -ASFR0=00h-01Fh \
  -ASFR1=080h-09Fh -ASFR2=0100h-010Fh -ASFR3=0180h-018Fh \
  -ACONFIG=02007h-02008h -DCONFIG=2 -AIDLOC=02000h-02003h -DIDLOC=2 \
  -AEEDATA=00h-0FFh/02100h -peeprom_data=EEDATA -DEEDATA=2 -DCODE=2 \
  -DSTRCODE=2 -DSTRING=2 -DCONST=2 -DENTRY=2 \
  -preset_vec=00h,intentry,init,end_init -ppowerup=CODE -pcinit=CODE \
  -pfunctab=ENTRY -k /tmp/xcXgeHkNP.o \
  dist/default/production/aula09_teclado4x4.o 

Object code version is 3.11

Machine type is 16F887



                Name                               Link     Load   Length Selector   Space Scale
/tmp/xcXgeHkNP.o
                end_init                              0        0        3        0       0
                config                             2007     2007        2        0       4
dist/default/production/aula09_teclado4x4.o
                cinit                               7EE      7EE       12      FDC       0
                config                             2007     2007        2        0       4
                text8                               620      620       15      C40       0
                text7                               768      768       86      ED0       0
                text6                               6CE      6CE       3F      D9C       0
                text5                               65E      65E       36      CBC       0
                text4                               5FA      5FA       13      BF4       0
                text3                               635      635       29      C6A       0
                text2                               70D      70D       5B      E1A       0
                text1                               5D8      5D8       11      BB0       0
                maintext                            694      694       3A      D28       0
                cstackBANK0                          20       20       15       20       1
                cstackCOMMON                         70       70        B       70       1
                inittext                            60D      60D       13      C1A       0
                dataBANK0                            35       35       11       20       1
                strings                               3        3       16        6       0
                idataBANK0                          5E9      5E9       11      BD2       0

TOTAL           Name                               Link     Load   Length     Space
        CLASS   STACK          

        CLASS   CODE           
                end_init                              0        0        3         0
                cinit                               7EE      7EE       12         0
                text8                               620      620       15         0
                text7                               768      768       86         0
                text6                               6CE      6CE       3F         0
                text5                               65E      65E       36         0
                text4                               5FA      5FA       13         0
                text3                               635      635       29         0
                text2                               70D      70D       5B         0
                text1                               5D8      5D8       11         0
                maintext                            694      694       3A         0
                inittext                            60D      60D       13         0
                idataBANK0                          5E9      5E9       11         0

        CLASS   STRCODE        

        CLASS   STRING         
                strings                               3        3       16         0

        CLASS   CONST          

        CLASS   ENTRY          

        CLASS   COMMON         
                cstackCOMMON                         70       70        B         1

        CLASS   BANK0          
                cstackBANK0                          20       20       15         1
                dataBANK0                            35       35       11         1

        CLASS   BANK1          

        CLASS   BANK2          

        CLASS   BANK3          

        CLASS   RAM            

        CLASS   ABS1           
                abs_s1                               7E       7E        2         1

        CLASS   SFR0           

        CLASS   SFR1           

        CLASS   SFR2           

        CLASS   SFR3           

        CLASS   CONFIG         
                config                             2007     2007        2         4

        CLASS   IDLOC          

        CLASS   EEDATA         



SEGMENTS        Name                           Load    Length   Top    Selector   Space  Class     Delta

                text3                          000635  000029  00065E       C6A       0  CODE        2
                inittext                       00060D  000013  000620       C1A       0  CODE        2
                text8                          000620  000015  000635       C40       0  CODE        2
                strings                        000003  000016  000019         6       0  STRING      2
                reset_vec                      000000  000003  000003         0       0  CODE        2
                text5                          00065E  000036  000694       CBC       0  CODE        2
                maintext                       000694  00003A  0006CE       D28       0  CODE        2
                idataBANK0                     0005E9  000011  0005FA       BD2       0  CODE        2
                text1                          0005D8  000011  0005E9       BB0       0  CODE        2
                text4                          0005FA  000013  00060D       BF4       0  CODE        2
                text6                          0006CE  00003F  00070D       D9C       0  CODE        2
                cstackBANK0                    000020  000026  000046        20       1  BANK0       1
                cinit                          0007EE  000012  000800       FDC       0  CODE        2
                cstackCOMMON                   000070  00000B  00007B        70       1  COMMON      1
                text2                          00070D  00005B  000768       E1A       0  CODE        2
                text7                          000768  000086  0007EE       ED0       0  CODE        2


UNUSED ADDRESS RANGES

        Name                Unused          Largest block    Delta
        BANK0            0046-006F             2A           1
        BANK1            00A0-00EF             50           1
        BANK2            0110-016F             60           1
        BANK3            0190-01EF             60           1
        CODE             0019-05D7            5BF           2
                         0800-1FFF            800
        COMMON           007B-007D              3           1
        CONST            0019-05D7            100           2
                         0800-1FFF            100
        EEDATA           2100-21FF            100           2
        ENTRY            0019-05D7            100           2
                         0800-1FFF            100
        IDLOC            2000-2003              4           2
        RAM              0046-006F             2A           1
                         00A0-00EF             50
                         0110-016F             60
                         0190-01EF             60
        SFR0             0000-001F             20           1
        SFR1             0080-009F             20           1
        SFR2             0100-010F             10           1
        SFR3             0180-018F             10           1
        STACK            0110-016F             60           1
        STRCODE          0019-05D7            5BF           2
                         0800-1FFF           1800
        STRING           0019-05D7            100           2
                         0800-1FFF            100

                                  Symbol Table

_ANSELH                  (abs)        0189
_OPTION_REGbits          (abs)        0081
_PORTB                   (abs)        0006
_PORTD                   (abs)        0008
_PORTDbits               (abs)        0008
_TRISB                   (abs)        0086
_TRISDbits               (abs)        0088
_WPUB                    (abs)        0095
__Habs1                  abs1         0000
__Hbank0                 bank0        0000
__Hbank1                 bank1        0000
__Hbank2                 bank2        0000
__Hbank3                 bank3        0000
__Hcinit                 cinit        0800
__Hclrtext               clrtext      0000
__Hcode                  code         0000
__Hcommon                common       0000
__Hconfig                config       2009
__HcstackBANK0           cstackBANK0  0000
__HcstackCOMMON          cstackCOMMON 0000
__HdataBANK0             dataBANK0    0000
__Heeprom_data           eeprom_data  0000
__Hend_init              end_init     0003
__Hfunctab               functab      0000
__HidataBANK0            idataBANK0   0000
__Hinit                  init         0000
__Hinittext              inittext     0000
__Hintentry              intentry     0000
__Hmaintext              maintext     0000
__Hpowerup               powerup      0000
__Hram                   ram          0000
__Hreset_vec             reset_vec    0000
__Hsfr0                  sfr0         0000
__Hsfr1                  sfr1         0000
__Hsfr2                  sfr2         0000
__Hsfr3                  sfr3         0000
__Hspace_0               (abs)        0800
__Hspace_1               (abs)        007B
__Hspace_2               (abs)        0000
__Hspace_3               (abs)        0000
__Hspace_4               (abs)        4010
__Hstack                 stack        0000
__Hstrings               strings      0000
__Htext                  text         0000
__Labs1                  abs1         0000
__Lbank0                 bank0        0000
__Lbank1                 bank1        0000
__Lbank2                 bank2        0000
__Lbank3                 bank3        0000
__Lcinit                 cinit        07EE
__Lclrtext               clrtext      0000
__Lcode                  code         0000
__Lcommon                common       0000
__Lconfig                config       0000
__LcstackBANK0           cstackBANK0  0000
__LcstackCOMMON          cstackCOMMON 0000
__LdataBANK0             dataBANK0    0000
__Leeprom_data           eeprom_data  0000
__Lend_init              end_init     0000
__Lfunctab               functab      0000
__LidataBANK0            idataBANK0   0000
__Linit                  init         0000
__Linittext              inittext     0000
__Lintentry              intentry     0000
__Lmaintext              maintext     0000
__Lpowerup               powerup      0000
__Lram                   ram          0000
__Lreset_vec             reset_vec    0000
__Lsfr0                  sfr0         0000
__Lsfr1                  sfr1         0000
__Lsfr2                  sfr2         0000
__Lsfr3                  sfr3         0000
__Lspace_0               (abs)        0000
__Lspace_1               (abs)        0000
__Lspace_2               (abs)        0000
__Lspace_3               (abs)        0000
__Lspace_4               (abs)        0000
__Lstack                 stack        0000
__Lstrings               strings      0000
__Ltext                  text         0000
__S0                     (abs)        0800
__S1                     (abs)        007B
__S2                     (abs)        0000
__S3                     (abs)        0000
___int_sp                stack        0000
___latbits               (abs)        0002
___sp                    stack        0000
___stackhi               (abs)        0000
___stacklo               (abs)        0000
__end_of__initialization cinit        07FC
__end_of__stringtab      strings      0009
__end_of_delay           text8        0635
__end_of_lcd_dataReg     text5        0694
__end_of_lcd_init        text6        070D
__end_of_lcd_instReg     text7        07EE
__end_of_lcd_lincol      text4        060D
__end_of_lcd_print       text3        065E
__end_of_main            maintext     06CE
__end_of_teclado         text2        0768
__end_of_tecladoMatriz   strings      0019
__end_of_teclado_init    text1        05E9
__initialization         cinit        07EE
__pcstackBANK0           cstackBANK0  0020
__pcstackCOMMON          cstackCOMMON 0070
__pdataBANK0             dataBANK0    0035
__pidataBANK0            idataBANK0   05E9
__pmaintext              maintext     0694
__pstrings               strings      0003
__ptext1                 text1        05D8
__ptext2                 text2        070D
__ptext3                 text3        0635
__ptext4                 text4        05FA
__ptext5                 text5        065E
__ptext6                 text6        06CE
__ptext7                 text7        0768
__ptext8                 text8        0620
__size_of_delay          (abs)        0000
__size_of_lcd_dataReg    (abs)        0000
__size_of_lcd_init       (abs)        0000
__size_of_lcd_instReg    (abs)        0000
__size_of_lcd_lincol     (abs)        0000
__size_of_lcd_print      (abs)        0000
__size_of_main           (abs)        0000
__size_of_teclado        (abs)        0000
__size_of_teclado_init   (abs)        0000
__stringbase             strings      0008
__stringtab              strings      0003
_delay                   text8        0620
_lcd_dataReg             text5        065E
_lcd_init                text6        06CE
_lcd_instReg             text7        0768
_lcd_lincol              text4        05FA
_lcd_print               text3        0635
_main                    maintext     0694
_teclado                 text2        070D
_tecladoMatriz           strings      0009
_teclado_init            text1        05D8
btemp                    (abs)        007E
delay@t                  cstackCOMMON 0070
end_of_initialization    cinit        07FC
init_fetch0              inittext     060D
init_ram0                inittext     0611
intlevel0                functab      0000
intlevel1                functab      0000
intlevel2                functab      0000
intlevel3                functab      0000
intlevel4                functab      0000
intlevel5                functab      0000
lcd_dataReg@d            cstackCOMMON 0072
lcd_instReg@i            cstackCOMMON 0072
lcd_lincol@col           cstackCOMMON 0073
lcd_lincol@lin           cstackCOMMON 0075
lcd_print@col            cstackCOMMON 0076
lcd_print@lin            cstackCOMMON 007A
lcd_print@pos            cstackCOMMON 0079
lcd_print@str            cstackCOMMON 0077
main@F1280               dataBANK0    0035
main@string              cstackBANK0  0024
reset_vec                reset_vec    0000
start                    init         0000
start_initialization     cinit        07EE
teclado@aux              cstackCOMMON 0077
teclado@c                cstackCOMMON 0079
teclado@l                cstackCOMMON 0078
wtemp0                   (abs)        007E


MODULE INFORMATION

Module		Function		Class		Link	Load	Size
delay.c
		_delay         		CODE           	0620	0000	21

delay.c estimated size: 21

teclado.c
		_teclado       		CODE           	070D	0000	91
		_teclado_init  		CODE           	05D8	0000	17

teclado.c estimated size: 108

shared
		__stringtab    		STRING         	0003	0000	6
		__initialization		CODE           	07EE	0000	14
		_tecladoMatriz 		STRING         	0009	0000	16

shared estimated size: 36

lcd.c
		_lcd_lincol    		CODE           	05FA	0000	19
		_lcd_dataReg   		CODE           	065E	0000	54
		_lcd_print     		CODE           	0635	0000	41
		_lcd_instReg   		CODE           	0768	0000	134
		_lcd_init      		CODE           	06CE	0000	63

lcd.c estimated size: 311

main.c
		_main          		CODE           	0694	0000	58

main.c estimated size: 58

